

================================================================
== Synthesis Summary Report of 'hls_recv_krnl'
================================================================
+ General Information: 
    * Date:           Sun Dec 11 15:18:55 2022
    * Version:        2020.2 (Build 3064766 on Wed Nov 18 09:12:47 MST 2020)
    * Project:        hls_recv_krnl
    * Solution:       solution (Vitis Kernel Flow Target)
    * Product family: virtexuplus
    * Target device:  xcu250-figd2104-2L-e
    

+ Performance & Resource Estimates: 
    
    PS: '+' for module; 'o' for loop; '*' for dataflow
    +----------------------------------------------------------------------+--------+-------+---------+---------+----------+---------+------+----------+---------+----+-------------+--------------+-----+
    |                                Modules                               |  Issue |       | Latency | Latency | Iteration|         | Trip |          |         |    |             |              |     |
    |                                & Loops                               |  Type  | Slack | (cycles)|   (ns)  |  Latency | Interval| Count| Pipelined|  BRAM   | DSP|      FF     |      LUT     | URAM|
    +----------------------------------------------------------------------+--------+-------+---------+---------+----------+---------+------+----------+---------+----+-------------+--------------+-----+
    |+ hls_recv_krnl*                                                      |  Timing|   0.00|        -|        -|         -|        -|     -|  dataflow|  5 (~0%)|   -|   51075 (1%)|  237929 (13%)|    -|
    | + grp_mysha_fu_472                                                   |       -|  -0.18|        -|        -|         -|        -|     -|        no|        -|   -|  27939 (~0%)|  216326 (12%)|    -|
    |  + grp_sha3Digest_32u_s_fu_120                                       |       -|  -0.18|      164|  820.000|         -|      164|     -|        no|        -|   -|  27835 (~0%)|  216053 (12%)|    -|
    |   + grp_KECCAK_f_fu_1204                                             |      II|  -0.18|       12|   60.000|         -|       12|     -|       yes|        -|   -|  13390 (~0%)|  193852 (11%)|    -|
    |   o LOOP_SHA3_MAIN                                                   |       -|  -3.65|      163|  815.000|       163|        -|     1|        no|        -|   -|            -|             -|    -|
    |    o LOOP_SHA3_DIGEST_NBLK                                           |       -|  -3.65|       30|  150.000|        30|        -|     1|        no|        -|   -|            -|             -|    -|
    |  o VITIS_LOOP_123_1                                                  |       -|  -3.65|        -|        -|       166|        -|     -|        no|        -|   -|            -|             -|    -|
    | + grp_myaes_fu_496                                                   |       -|  -0.85|        -|        -|         -|        -|     -|        no|        -|   -|  10320 (~0%)|   11911 (~0%)|    -|
    |  + grp_process_r_fu_264                                              |       -|  -2.07|       27|  135.000|         -|        1|     -|       yes|        -|   -|   2692 (~0%)|    7492 (~0%)|    -|
    |  + grp_updateKey_fu_289                                              |       -|  -1.50|       16|   80.000|         -|       16|     -|        no|        -|   -|   2623 (~0%)|    3436 (~0%)|    -|
    |   o VITIS_LOOP_583_1                                                 |      II|  -3.65|       14|   70.000|         3|        2|     7|       yes|        -|   -|            -|             -|    -|
    |  o decryption_cbc_loop                                               |       -|  -3.65|        -|        -|        29|        1|     -|       yes|        -|   -|            -|             -|    -|
    |  o VITIS_LOOP_183_1                                                  |       -|  -3.65|        -|        -|         -|        -|     -|        no|        -|   -|            -|             -|    -|
    |   o decryption_cbc_loop                                              |       -|  -3.65|        -|        -|        29|        1|     -|       yes|        -|   -|            -|             -|    -|
    | + grp_tie_off_tcp_tx_fu_517                                          |       -|  -2.24|        2|   10.000|         -|        2|     -|        no|        -|   -|      4 (~0%)|      74 (~0%)|    -|
    | + grp_backgroundclock_fu_545                                         |  Timing|   0.00|        -|        -|         -|        -|     -|        no|        -|   -|    844 (~0%)|    1031 (~0%)|    -|
    |  o VITIS_LOOP_42_1                                                   |       -|  -3.65|        -|        -|        72|        1|     -|       yes|        -|   -|            -|             -|    -|
    | + grp_tie_off_udp_fu_554                                             |       -|  -3.65|        2|   10.000|         -|        2|     -|        no|        -|   -|      6 (~0%)|      81 (~0%)|    -|
    | + grp_partition_fu_590*                                              |       -|  -0.83|        -|        -|         -|        -|     -|  dataflow|        -|   -|    615 (~0%)|     170 (~0%)|    -|
    |  + grp_partition_Loop_VITIS_LOOP_71_1_proc2761_fu_36                 |       -|  -0.83|        -|        -|         -|        -|     -|        no|        -|   -|    614 (~0%)|     161 (~0%)|    -|
    |   o VITIS_LOOP_71_1                                                  |      II|  -3.65|        -|        -|         2|        2|     -|       yes|        -|   -|            -|             -|    -|
    | + grp_recvData_fu_603*                                               |       -|  -0.83|        -|        -|         -|        -|     -|  dataflow|  1 (~0%)|   -|    531 (~0%)|     581 (~0%)|    -|
    |  + grp_recvData_handshake_fu_86                                      |       -|  -0.83|        -|        -|         -|        -|     -|        no|        -|   -|    184 (~0%)|     232 (~0%)|    -|
    |   o VITIS_LOOP_1218_1                                                |       -|  -3.65|        -|        -|         2|        1|     -|       yes|        -|   -|            -|             -|    -|
    |  + grp_recvData_consumeData_fu_110                                   |       -|  -2.12|        -|        -|         -|        -|     -|        no|        -|   -|    150 (~0%)|     210 (~0%)|    -|
    |   o VITIS_LOOP_1275_1                                                |       -|  -3.65|        -|        -|         -|        -|     -|        no|        -|   -|            -|             -|    -|
    |    o VITIS_LOOP_1281_2                                               |       -|  -3.65|        -|        -|         1|        1|     -|       yes|        -|   -|            -|             -|    -|
    | + grp_listenPorts_fu_642*                                            |       -|  -0.79|        -|        -|         -|        -|     -|  dataflow|        -|   -|    320 (~0%)|     488 (~0%)|    -|
    |  + grp_listen_port_handler_fu_78                                     |       -|  -2.18|        -|        -|         -|        -|     -|        no|        -|   -|     86 (~0%)|     163 (~0%)|    -|
    |   o VITIS_LOOP_730_1                                                 |       -|  -3.65|        -|        -|         2|        1|     -|       yes|        -|   -|            -|             -|    -|
    |  + grp_port_status_handler_fu_92                                     |       -|  -2.25|        -|        -|         -|        -|     -|        no|        -|   -|     67 (~0%)|     118 (~0%)|    -|
    |   o VITIS_LOOP_742_1                                                 |       -|  -3.65|        -|        -|         1|        1|     -|       yes|        -|   -|            -|             -|    -|
    |  + call_ln760_listenPorts_entry37_fu_105                             |       -|  -0.79|        0|    0.000|         -|        0|     -|        no|        -|   -|      2 (~0%)|      56 (~0%)|    -|
    |  + basePort_cast_loc_i_channel_listenPorts_Block_split2_proc_fu_116  |       -|  -2.30|        0|    0.000|         -|        0|     -|        no|        -|   -|     18 (~0%)|      29 (~0%)|    -|
    | + grp_prepare_sha_fu_664                                             |       -|  -0.83|        -|        -|         -|        -|     -|        no|        -|   -|    237 (~0%)|     229 (~0%)|    -|
    |  o VITIS_LOOP_96_1                                                   |      II|  -3.65|        -|        -|         8|        8|     -|       yes|        -|   -|            -|             -|    -|
    | + grp_consumesha_fu_680                                              |       -|  -1.36|        -|        -|         -|        -|     -|        no|        -|   -|    105 (~0%)|     176 (~0%)|    -|
    |  o VITIS_LOOP_135_1                                                  |       -|  -3.65|        -|        -|         -|        -|     -|        no|        -|   -|            -|             -|    -|
    |   o VITIS_LOOP_138_2                                                 |       -|  -3.65|        -|        -|         2|        1|     -|       yes|        -|   -|            -|             -|    -|
    | + grp_consumeaes_fu_689                                              |       -|  -1.36|        -|        -|         -|        -|     -|        no|        -|   -|    105 (~0%)|     176 (~0%)|    -|
    |  o VITIS_LOOP_193_1                                                  |       -|  -3.65|        -|        -|         -|        -|     -|        no|        -|   -|            -|             -|    -|
    |   o VITIS_LOOP_196_2                                                 |       -|  -3.65|        -|        -|         2|        1|     -|       yes|        -|   -|            -|             -|    -|
    | + grp_prepare_aes_fu_696                                             |       -|  -0.83|        -|        -|         -|        -|     -|        no|        -|   -|    105 (~0%)|     223 (~0%)|    -|
    |  o VITIS_LOOP_154_1                                                  |      II|  -3.65|        -|        -|         3|        2|     -|       yes|        -|   -|            -|             -|    -|
    | + grp_consumetrans_fu_708                                            |       -|  -2.24|        -|        -|         -|        -|     -|        no|        -|   -|     71 (~0%)|     139 (~0%)|    -|
    |  o VITIS_LOOP_81_1                                                   |       -|  -3.65|        -|        -|         2|        1|     -|       yes|        -|   -|            -|             -|    -|
    | + grp_tie_off_tcp_open_connection_fu_715                             |       -|  -2.25|        1|    5.000|         -|        1|     -|        no|        -|   -|      3 (~0%)|      53 (~0%)|    -|
    | + grp_tie_off_tcp_close_con_fu_735                                   |       -|  -2.20|        1|    5.000|         -|        1|     -|        no|        -|   -|      3 (~0%)|      42 (~0%)|    -|
    | + call_ln329_hls_recv_krnl_entry45_fu_747                            |       -|  -0.83|        0|    0.000|         -|        0|     -|        no|        -|   -|      3 (~0%)|     101 (~0%)|    -|
    | + call_ln333_hls_recv_krnl_entry3_fu_760                             |       -|  -2.24|        0|    0.000|         -|        0|     -|        no|        -|   -|      3 (~0%)|      56 (~0%)|    -|
    | + call_ln332_Block_split11_proc_fu_776                               |       -|  -0.84|        0|    0.000|         -|        0|     -|        no|        -|   -|      3 (~0%)|      38 (~0%)|    -|
    +----------------------------------------------------------------------+--------+-------+---------+---------+----------+---------+------+----------+---------+----+-------------+--------------+-----+

